package pkg

import (
	"bytes"
	str "strings"
)

func fn() {
	str.ReplaceAll("", "", "") //@ diag(`could use strings.ReplaceAll instead`)
	str.Replace("", "", "", 0)
	str.Replace("", "", "", 1)

	str.Split("", "") //@ diag(`could use strings.Split instead`)
	str.SplitN("", "", 0)
	str.SplitN("", "", 1)

	str.SplitAfter("", "") //@ diag(`could use strings.SplitAfter instead`)
	str.SplitAfterN("", "", 0)
	str.SplitAfterN("", "", 1)

	bytes.ReplaceAll(nil, nil, nil) //@ diag(`could use bytes.ReplaceAll instead`)
	bytes.Replace(nil, nil, nil, 0)
	bytes.Replace(nil, nil, nil, 1)

	bytes.Split(nil, nil) //@ diag(`could use bytes.Split instead`)
	bytes.SplitN(nil, nil, 0)
	bytes.SplitN(nil, nil, 1)

	bytes.SplitAfter(nil, nil) //@ diag(`could use bytes.SplitAfter instead`)
	bytes.SplitAfterN(nil, nil, 0)
	bytes.SplitAfterN(nil, nil, 1)
}
